Microchip MPLAB XC8 Compiler V2.31

Linker command line:

-W-3 --edf=C:\Program Files\Microchip\xc8\v2.31\pic\dat\en_msgs.txt -cn \
  -h+dist/default/production\LAB_3.X.production.sym \
  --cmf=dist/default/production\LAB_3.X.production.cmf -z -Q16F887 \
  -oC:\Users\cabal\AppData\Local\Temp\sc24.2 --defsym=__MPLAB_BUILD=1 \
  -Mdist/default/production/LAB_3.X.production.map -E1 -ver=XC8 Compiler \
  --acfsm=1493 -ASTACK=0110h-016Fh -pstack=STACK -ACODE=00h-07FFhx4 \
  -ASTRCODE=00h-01FFFh -ASTRING=00h-0FFhx32 -ACONST=00h-0FFhx32 \
  -AENTRY=00h-0FFhx32 -ACOMMON=070h-07Fh -ABANK0=020h-06Fh \
  -ABANK1=0A0h-0EFh -ABANK2=0110h-016Fh -ABANK3=0190h-01EFh \
  -ARAM=020h-06Fh,0A0h-0EFh,0110h-016Fh,0190h-01EFh \
  -AABS1=020h-07Fh,0A0h-0EFh,0110h-016Fh,0190h-01EFh -ASFR0=00h-01Fh \
  -ASFR1=080h-09Fh -ASFR2=0100h-010Fh -ASFR3=0180h-018Fh \
  -ACONFIG=02007h-02008h -DCONFIG=2 -AIDLOC=02000h-02003h -DIDLOC=2 \
  -AEEDATA=00h-0FFh/02100h -peeprom_data=EEDATA -DEEDATA=2 -DCODE=2 \
  -DSTRCODE=2 -DSTRING=2 -DCONST=2 -DENTRY=2 \
  -preset_vec=00h,intentry=04h,init,end_init -ppowerup=CODE -pcinit=CODE \
  -pfunctab=ENTRY -k C:\Users\cabal\AppData\Local\Temp\sc24.o \
  dist/default/production\LAB_3.X.production.o 

Object code version is 3.11

Machine type is 16F887



                Name                               Link     Load   Length Selector   Space Scale
C:\Users\cabal\AppData\Local\Temp\sc24.o
                end_init                              C        C        3        8       0
                reset_vec                             0        0        3        0       0
                config                             2007     2007        2        0       4
dist/default/production\LAB_3.X.production.o
                cinit                                 F        F       2D        8       0
                intentry                              4        4        8        8       0
                config                             2007     2007        2        0       4
                text21                              302      302       44        8       0
                text20                              4B4      4B4       22      8B8       0
                text19                              4D6      4D6       1A      8B8       0
                text18                              500      500        D      8B8       0
                text17                              533      533        7      8B8       0
                text16                              3FB      3FB       33        8       0
                text15                              489      489       2B      8B8       0
                text14                              21E      21E       58        8       0
                text13                              3C2      3C2       39        8       0
                text12                              2BC      2BC       46        8       0
                text11                              276      276       46        8       0
                text10                              386      386       3C        8       0
                text9                                3C       3C       CF        8       0
                text8                               10B      10B       AB        8       0
                text7                               1B6      1B6       68        8       0
                text6                               518      518        A      8B8       0
                text5                               522      522        9      8B8       0
                text4                               50D      50D        B      8B8       0
                text3                               53A      53A        5      8B8       0
                text2                               4F0      4F0       10      8B8       0
                text1                               45C      45C       2D      8B8       0
                maintext                            346      346       40        8       0
                cstackBANK0                          3F       3F       1E       20       1
                cstackCOMMON                         70       70        7       70       1
                clrtext                             52B      52B        8      8B8       0
                dataBANK0                            5D       5D        4       20       1
                bssBANK0                             20       20       1F       20       1
                dataCOMMON                           79       79        1       70       1
                bssCOMMON                            77       77        2       70       1
                strings                             42E      42E       2E      85C       0
                idataBANK0                          53F      53F        4      8B8       0
                idataCOMMON                         543      543        1      8B8       0

TOTAL           Name                               Link     Load   Length     Space
        CLASS   STACK          

        CLASS   CODE           
                end_init                              C        C        3         0
                cinit                                 F        F       2D         0
                intentry                              4        4        8         0
                reset_vec                             0        0        3         0
                text21                              302      302       44         0
                text20                              4B4      4B4       22         0
                text19                              4D6      4D6       1A         0
                text18                              500      500        D         0
                text17                              533      533        7         0
                text16                              3FB      3FB       33         0
                text15                              489      489       2B         0
                text14                              21E      21E       58         0
                text13                              3C2      3C2       39         0
                text12                              2BC      2BC       46         0
                text11                              276      276       46         0
                text10                              386      386       3C         0
                text9                                3C       3C       CF         0
                text8                               10B      10B       AB         0
                text7                               1B6      1B6       68         0
                text6                               518      518        A         0
                text5                               522      522        9         0
                text4                               50D      50D        B         0
                text3                               53A      53A        5         0
                text2                               4F0      4F0       10         0
                text1                               45C      45C       2D         0
                maintext                            346      346       40         0
                clrtext                             52B      52B        8         0
                idataBANK0                          53F      53F        4         0
                idataCOMMON                         543      543        1         0

        CLASS   STRCODE        

        CLASS   STRING         
                strings                             42E      42E       2E         0

        CLASS   CONST          

        CLASS   ENTRY          

        CLASS   COMMON         
                cstackCOMMON                         70       70        7         1
                dataCOMMON                           79       79        1         1
                bssCOMMON                            77       77        2         1

        CLASS   BANK0          
                cstackBANK0                          3F       3F       1E         1
                dataBANK0                            5D       5D        4         1
                bssBANK0                             20       20       1F         1

        CLASS   BANK1          

        CLASS   BANK2          

        CLASS   BANK3          

        CLASS   RAM            

        CLASS   ABS1           
                abs_s1                               7E       7E        2         1

        CLASS   SFR0           

        CLASS   SFR1           

        CLASS   SFR2           

        CLASS   SFR3           

        CLASS   CONFIG         
                config                             2007     2007        2         4

        CLASS   IDLOC          

        CLASS   EEDATA         



SEGMENTS        Name                           Load    Length   Top    Selector   Space  Class     Delta

                reset_vec                      000000  000003  000003         0       0  CODE        2
                intentry                       000004  00042A  00042E         8       0  CODE        2
                bssBANK0                       000020  000041  000061        20       1  BANK0       1
                cstackCOMMON                   000070  00000A  00007A        70       1  COMMON      1
                strings                        00042E  00002E  00045C       85C       0  STRING      2
                text1                          00045C  0000E8  000544       8B8       0  CODE        2


UNUSED ADDRESS RANGES

        Name                Unused          Largest block    Delta
        BANK0            0061-006F              F           1
        BANK1            00A0-00EF             50           1
        BANK2            0110-016F             60           1
        BANK3            0190-01EF             60           1
        CODE             0003-0003              1           2
                         0544-1FFF            800
        COMMON           007A-007D              4           1
        CONST            0003-0003              1           2
                         0544-1FFF            100
        EEDATA           2100-21FF            100           2
        ENTRY            0003-0003              1           2
                         0544-1FFF            100
        IDLOC            2000-2003              4           2
        RAM              0061-006F              F           1
                         00A0-00EF             50
                         0110-016F             60
                         0190-01EF             60
        SFR0             0000-001F             20           1
        SFR1             0080-009F             20           1
        SFR2             0100-010F             10           1
        SFR3             0180-018F             10           1
        STACK            0110-016F             60           1
        STRCODE          0003-0003              1           2
                         0544-1FFF           1ABC
        STRING           0003-0003              1           2
                         0544-1FFF            100

                                  Symbol Table

?___lwdiv                  cstackBANK0  003F
?___lwmod                  cstackBANK0  0046
?_sprintf                  cstackBANK0  004A
Lcd_Cmd@a                  cstackBANK0  003F
Lcd_Port@a                 cstackCOMMON 0074
Lcd_Set_Cursor@a           cstackBANK0  0043
Lcd_Set_Cursor@b           cstackBANK0  0040
Lcd_Set_Cursor@temp        cstackBANK0  0046
Lcd_Set_Cursor@y           cstackBANK0  0045
Lcd_Set_Cursor@z           cstackBANK0  0044
Lcd_Write_Char@a           cstackBANK0  0041
Lcd_Write_Char@temp        cstackBANK0  003F
Lcd_Write_Char@y           cstackBANK0  0040
Lcd_Write_String@a         cstackBANK0  0042
Lcd_Write_String@i         cstackBANK0  0047
_ADCON0                    (abs)        001F
_ADCON0bits                (abs)        001F
_ADCON1bits                (abs)        009F
_ADRESH                    (abs)        001E
_ANSEL                     (abs)        0188
_ANSELH                    (abs)        0189
_BAUDCTLbits               (abs)        0187
_INTCONbits                (abs)        000B
_ISR                       text21       0302
_Lcd_Clear                 text18       0500
_Lcd_Cmd                   text19       04D6
_Lcd_Init                  text7        01B6
_Lcd_Port                  text20       04B4
_Lcd_Set_Cursor            text14       021E
_Lcd_Write_Char            text13       03C2
_Lcd_Write_String          text12       02BC
_PIE1bits                  (abs)        008C
_PIR1bits                  (abs)        000C
_RCREG                     (abs)        001A
_RCSTAbits                 (abs)        0018
_RD2                       (abs)        0042
_RD3                       (abs)        0043
_RD4                       (abs)        0044
_RD5                       (abs)        0045
_RD6                       (abs)        0046
_RD7                       (abs)        0047
_SPBRG                     (abs)        0099
_TRISA                     (abs)        0085
_TRISCbits                 (abs)        0087
_TRISD                     (abs)        0088
_TXREG                     (abs)        0019
_TXSTAbits                 (abs)        0098
__Habs1                    abs1         0000
__Hbank0                   bank0        0000
__Hbank1                   bank1        0000
__Hbank2                   bank2        0000
__Hbank3                   bank3        0000
__HbssBANK0                bssBANK0     0000
__HbssCOMMON               bssCOMMON    0000
__Hcinit                   cinit        003C
__Hclrtext                 clrtext      0000
__Hcode                    code         0000
__Hcommon                  common       0000
__Hconfig                  config       2009
__HcstackBANK0             cstackBANK0  0000
__HcstackCOMMON            cstackCOMMON 0000
__HdataBANK0               dataBANK0    0000
__HdataCOMMON              dataCOMMON   0000
__Heeprom_data             eeprom_data  0000
__Hend_init                end_init     000F
__Hfunctab                 functab      0000
__HidataBANK0              idataBANK0   0000
__HidataCOMMON             idataCOMMON  0000
__Hinit                    init         000C
__Hintentry                intentry     000C
__Hmaintext                maintext     0000
__Hpowerup                 powerup      0000
__Hram                     ram          0000
__Hreset_vec               reset_vec    0003
__Hsfr0                    sfr0         0000
__Hsfr1                    sfr1         0000
__Hsfr2                    sfr2         0000
__Hsfr3                    sfr3         0000
__Hspace_0                 (abs)        0544
__Hspace_1                 (abs)        007A
__Hspace_2                 (abs)        0000
__Hspace_3                 (abs)        0000
__Hspace_4                 (abs)        4010
__Hstack                   stack        0000
__Hstrings                 strings      0000
__Htext                    text         0000
__Labs1                    abs1         0000
__Lbank0                   bank0        0000
__Lbank1                   bank1        0000
__Lbank2                   bank2        0000
__Lbank3                   bank3        0000
__LbssBANK0                bssBANK0     0000
__LbssCOMMON               bssCOMMON    0000
__Lcinit                   cinit        000F
__Lclrtext                 clrtext      0000
__Lcode                    code         0000
__Lcommon                  common       0000
__Lconfig                  config       0000
__LcstackBANK0             cstackBANK0  0000
__LcstackCOMMON            cstackCOMMON 0000
__LdataBANK0               dataBANK0    0000
__LdataCOMMON              dataCOMMON   0000
__Leeprom_data             eeprom_data  0000
__Lend_init                end_init     000C
__Lfunctab                 functab      0000
__LidataBANK0              idataBANK0   0000
__LidataCOMMON             idataCOMMON  0000
__Linit                    init         000C
__Lintentry                intentry     0004
__Lmaintext                maintext     0000
__Lpowerup                 powerup      0000
__Lram                     ram          0000
__Lreset_vec               reset_vec    0000
__Lsfr0                    sfr0         0000
__Lsfr1                    sfr1         0000
__Lsfr2                    sfr2         0000
__Lsfr3                    sfr3         0000
__Lspace_0                 (abs)        0000
__Lspace_1                 (abs)        0000
__Lspace_2                 (abs)        0000
__Lspace_3                 (abs)        0000
__Lspace_4                 (abs)        0000
__Lstack                   stack        0000
__Lstrings                 strings      0000
__Ltext                    text         0000
__S0                       (abs)        0544
__S1                       (abs)        007A
__S2                       (abs)        0000
__S3                       (abs)        0000
___int_sp                  stack        0000
___latbits                 (abs)        0002
___lwdiv                   text11       0276
___lwdiv@counter           cstackBANK0  0043
___lwdiv@dividend          cstackBANK0  0041
___lwdiv@divisor           cstackBANK0  003F
___lwdiv@quotient          cstackBANK0  0044
___lwmod                   text10       0386
___lwmod@counter           cstackCOMMON 0076
___lwmod@dividend          cstackBANK0  0048
___lwmod@divisor           cstackBANK0  0046
___sp                      stack        0000
___stackhi                 (abs)        0000
___stacklo                 (abs)        0000
__end_of_ISR               text21       0346
__end_of_Lcd_Clear         text18       050D
__end_of_Lcd_Cmd           text19       04F0
__end_of_Lcd_Init          text7        021E
__end_of_Lcd_Port          text20       04D6
__end_of_Lcd_Set_Cursor    text14       0276
__end_of_Lcd_Write_Char    text13       03FB
__end_of_Lcd_Write_String  text12       0302
__end_of___lwdiv           text11       02BC
__end_of___lwmod           text10       03C2
__end_of__initialization   cinit        0038
__end_of__stringtab        strings      043E
__end_of_baud_rate_config  text5        052B
__end_of_config_adc        text6        0522
__end_of_count_update      text16       042E
__end_of_dpowers           strings      0448
__end_of_envio_char        text17       053A
__end_of_eusart_config     text2        0500
__end_of_leer_datos        text15       04B4
__end_of_main              maintext     0386
__end_of_mostrar_datos     text8        01B6
__end_of_recepcion         text4        0518
__end_of_setup             text1        0489
__end_of_sprintf           text9        010B
__end_of_transmision       text3        053F
__initialization           cinit        000F
__pbssBANK0                bssBANK0     0020
__pbssCOMMON               bssCOMMON    0077
__pcstackBANK0             cstackBANK0  003F
__pcstackCOMMON            cstackCOMMON 0070
__pdataBANK0               dataBANK0    005D
__pdataCOMMON              dataCOMMON   0079
__pidataBANK0              idataBANK0   053F
__pidataCOMMON             idataCOMMON  0543
__pintentry                intentry     0004
__pmaintext                maintext     0346
__pstrings                 strings      042E
__ptext1                   text1        045C
__ptext10                  text10       0386
__ptext11                  text11       0276
__ptext12                  text12       02BC
__ptext13                  text13       03C2
__ptext14                  text14       021E
__ptext15                  text15       0489
__ptext16                  text16       03FB
__ptext17                  text17       0533
__ptext18                  text18       0500
__ptext19                  text19       04D6
__ptext2                   text2        04F0
__ptext20                  text20       04B4
__ptext21                  text21       0302
__ptext3                   text3        053A
__ptext4                   text4        050D
__ptext5                   text5        0522
__ptext6                   text6        0518
__ptext7                   text7        01B6
__ptext8                   text8        010B
__ptext9                   text9        003C
__size_of_ISR              (abs)        0000
__size_of_Lcd_Clear        (abs)        0000
__size_of_Lcd_Cmd          (abs)        0000
__size_of_Lcd_Init         (abs)        0000
__size_of_Lcd_Port         (abs)        0000
__size_of_Lcd_Set_Cursor   (abs)        0000
__size_of_Lcd_Write_Char   (abs)        0000
__size_of_Lcd_Write_String (abs)        0000
__size_of___lwdiv          (abs)        0000
__size_of___lwmod          (abs)        0000
__size_of_baud_rate_config (abs)        0000
__size_of_config_adc       (abs)        0000
__size_of_count_update     (abs)        0000
__size_of_envio_char       (abs)        0000
__size_of_eusart_config    (abs)        0000
__size_of_leer_datos       (abs)        0000
__size_of_main             (abs)        0000
__size_of_mostrar_datos    (abs)        0000
__size_of_recepcion        (abs)        0000
__size_of_setup            (abs)        0000
__size_of_sprintf          (abs)        0000
__size_of_transmision      (abs)        0000
__stringbase               strings      043D
__stringtab                strings      042E
_baud_rate_config          text5        0522
_config_adc                text6        0518
_count                     bssBANK0     002A
_count_update              text16       03FB
_dpowers                   strings      043E
_envio_char                text17       0533
_eusart_config             text2        04F0
_leer_datos                text15       0489
_main                      maintext     0346
_mostrar_datos             text8        010B
_pot1                      dataBANK0    005F
_pot2                      dataBANK0    005D
_pot_select                dataCOMMON   0079
_receive                   bssCOMMON    0077
_recepcion                 text4        050D
_s                         bssBANK0     002B
_setup                     text1        045C
_sprintf                   text9        003C
_transmision               text3        053A
btemp                      (abs)        007E
clear_ram0                 clrtext      052B
end_of_initialization      cinit        0038
envio_char@u               cstackCOMMON 0074
interrupt_function         intentry     0004
intlevel0                  functab      0000
intlevel1                  functab      0000
intlevel2                  functab      0000
intlevel3                  functab      0000
intlevel4                  functab      0000
intlevel5                  functab      0000
reset_vec                  reset_vec    0000
saved_w                    (abs)        007E
sprintf@ap                 cstackBANK0  0051
sprintf@c                  cstackBANK0  0056
sprintf@f                  cstackBANK0  004A
sprintf@flag               cstackBANK0  0050
sprintf@prec               cstackBANK0  0054
sprintf@sp                 cstackBANK0  0055
sprintf@val                cstackBANK0  0052
start                      init         000C
start_initialization       cinit        000F
wtemp0                     (abs)        007E


FUNCTION INFORMATION:

 *************** function _main *****************
 Defined at:
		line 116 in file "main.c"
 Parameters:    Size  Location     Type
		None
 Auto vars:     Size  Location     Type
		None
 Return value:  Size  Location     Type
                  1    wreg      void 
 Registers used:
		wreg, fsr0l, fsr0h, status,2, status,0, btemp+1, pclath, cstack
 Tracked objects:
		On entry : 
		On exit  : 
		Unchanged: 
 Data sizes:     COMMON   BANK0   BANK1   BANK3   BANK2
      Params:         0       0       0       0       0
      Locals:         0       0       0       0       0
      Temps:          0       3       0       0       0
      Totals:         0       3       0       0       0
Total ram usage:        3 bytes
 Hardware stack levels required when called:    5
 This function calls:
		_Lcd_Clear
		_Lcd_Set_Cursor
		_Lcd_Write_String
		_count_update
		_leer_datos
		_mostrar_datos
		_setup
 This function is called by:
		Startup code after reset
 This function uses a non-reentrant model


 *************** function _setup *****************
 Defined at:
		line 81 in file "main.c"
 Parameters:    Size  Location     Type
		None
 Auto vars:     Size  Location     Type
		None
 Return value:  Size  Location     Type
                  1    wreg      void 
 Registers used:
		wreg, status,2, status,0, pclath, cstack
 Tracked objects:
		On entry : 
		On exit  : 
		Unchanged: 
 Data sizes:     COMMON   BANK0   BANK1   BANK3   BANK2
      Params:         0       0       0       0       0
      Locals:         0       0       0       0       0
      Temps:          0       0       0       0       0
      Totals:         0       0       0       0       0
Total ram usage:        0 bytes
 Hardware stack levels used:    1
 Hardware stack levels required when called:    4
 This function calls:
		_Lcd_Init
		_config_adc
		_eusart_config
 This function is called by:
		_main
 This function uses a non-reentrant model


 *************** function _eusart_config *****************
 Defined at:
		line 38 in file "./eusart_lib.h"
 Parameters:    Size  Location     Type
		None
 Auto vars:     Size  Location     Type
		None
 Return value:  Size  Location     Type
                  1    wreg      void 
 Registers used:
		wreg, status,2, status,0, pclath, cstack
 Tracked objects:
		On entry : 
		On exit  : 
		Unchanged: 
 Data sizes:     COMMON   BANK0   BANK1   BANK3   BANK2
      Params:         0       0       0       0       0
      Locals:         0       0       0       0       0
      Temps:          0       0       0       0       0
      Totals:         0       0       0       0       0
Total ram usage:        0 bytes
 Hardware stack levels used:    1
 Hardware stack levels required when called:    2
 This function calls:
		_baud_rate_config
		_recepcion
		_transmision
 This function is called by:
		_setup
 This function uses a non-reentrant model


 *************** function _transmision *****************
 Defined at:
		line 21 in file "./eusart_lib.h"
 Parameters:    Size  Location     Type
		None
 Auto vars:     Size  Location     Type
		None
 Return value:  Size  Location     Type
                  1    wreg      void 
 Registers used:
		None
 Tracked objects:
		On entry : 
		On exit  : 
		Unchanged: 
 Data sizes:     COMMON   BANK0   BANK1   BANK3   BANK2
      Params:         0       0       0       0       0
      Locals:         0       0       0       0       0
      Temps:          0       0       0       0       0
      Totals:         0       0       0       0       0
Total ram usage:        0 bytes
 Hardware stack levels used:    1
 Hardware stack levels required when called:    1
 This function calls:
		Nothing
 This function is called by:
		_eusart_config
 This function uses a non-reentrant model


 *************** function _recepcion *****************
 Defined at:
		line 11 in file "./eusart_lib.h"
 Parameters:    Size  Location     Type
		None
 Auto vars:     Size  Location     Type
		None
 Return value:  Size  Location     Type
                  1    wreg      void 
 Registers used:
		None
 Tracked objects:
		On entry : 
		On exit  : 
		Unchanged: 
 Data sizes:     COMMON   BANK0   BANK1   BANK3   BANK2
      Params:         0       0       0       0       0
      Locals:         0       0       0       0       0
      Temps:          0       0       0       0       0
      Totals:         0       0       0       0       0
Total ram usage:        0 bytes
 Hardware stack levels used:    1
 Hardware stack levels required when called:    1
 This function calls:
		Nothing
 This function is called by:
		_eusart_config
 This function uses a non-reentrant model


 *************** function _baud_rate_config *****************
 Defined at:
		line 28 in file "./eusart_lib.h"
 Parameters:    Size  Location     Type
		None
 Auto vars:     Size  Location     Type
		None
 Return value:  Size  Location     Type
                  1    wreg      void 
 Registers used:
		wreg
 Tracked objects:
		On entry : 
		On exit  : 
		Unchanged: 
 Data sizes:     COMMON   BANK0   BANK1   BANK3   BANK2
      Params:         0       0       0       0       0
      Locals:         0       0       0       0       0
      Temps:          0       0       0       0       0
      Totals:         0       0       0       0       0
Total ram usage:        0 bytes
 Hardware stack levels used:    1
 Hardware stack levels required when called:    1
 This function calls:
		Nothing
 This function is called by:
		_eusart_config
 This function uses a non-reentrant model


 *************** function _config_adc *****************
 Defined at:
		line 8 in file "./adc_lib.h"
 Parameters:    Size  Location     Type
		None
 Auto vars:     Size  Location     Type
		None
 Return value:  Size  Location     Type
                  1    wreg      void 
 Registers used:
		wreg
 Tracked objects:
		On entry : 
		On exit  : 
		Unchanged: 
 Data sizes:     COMMON   BANK0   BANK1   BANK3   BANK2
      Params:         0       0       0       0       0
      Locals:         0       0       0       0       0
      Temps:          0       0       0       0       0
      Totals:         0       0       0       0       0
Total ram usage:        0 bytes
 Hardware stack levels used:    1
 Hardware stack levels required when called:    1
 This function calls:
		Nothing
 This function is called by:
		_setup
 This function uses a non-reentrant model


 *************** function _Lcd_Init *****************
 Defined at:
		line 62 in file "./lcd.h"
 Parameters:    Size  Location     Type
		None
 Auto vars:     Size  Location     Type
		None
 Return value:  Size  Location     Type
                  1    wreg      void 
 Registers used:
		wreg, status,2, status,0, pclath, cstack
 Tracked objects:
		On entry : 
		On exit  : 
		Unchanged: 
 Data sizes:     COMMON   BANK0   BANK1   BANK3   BANK2
      Params:         0       0       0       0       0
      Locals:         0       0       0       0       0
      Temps:          0       2       0       0       0
      Totals:         0       2       0       0       0
Total ram usage:        2 bytes
 Hardware stack levels used:    1
 Hardware stack levels required when called:    3
 This function calls:
		_Lcd_Cmd
		_Lcd_Port
 This function is called by:
		_setup
 This function uses a non-reentrant model


 *************** function _mostrar_datos *****************
 Defined at:
		line 133 in file "main.c"
 Parameters:    Size  Location     Type
		None
 Auto vars:     Size  Location     Type
		None
 Return value:  Size  Location     Type
                  1    wreg      void 
 Registers used:
		wreg, fsr0l, fsr0h, status,2, status,0, btemp+1, pclath, cstack
 Tracked objects:
		On entry : 
		On exit  : 
		Unchanged: 
 Data sizes:     COMMON   BANK0   BANK1   BANK3   BANK2
      Params:         0       0       0       0       0
      Locals:         0       0       0       0       0
      Temps:          0       3       0       0       0
      Totals:         0       3       0       0       0
Total ram usage:        3 bytes
 Hardware stack levels used:    1
 Hardware stack levels required when called:    4
 This function calls:
		_Lcd_Set_Cursor
		_Lcd_Write_Char
		_Lcd_Write_String
		_envio_char
		_sprintf
 This function is called by:
		_main
 This function uses a non-reentrant model


 *************** function _sprintf *****************
 Defined at:
		line 505 in file "C:\Program Files\Microchip\xc8\v2.31\pic\sources\c90\common\doprnt.c"
 Parameters:    Size  Location     Type
  sp              1    wreg     PTR unsigned char 
		 -> s(20), 
  f               1   11[BANK0 ] PTR const unsigned char 
		 -> STR_4(3), STR_3(3), STR_2(3), 
 Auto vars:     Size  Location     Type
  sp              1   22[BANK0 ] PTR unsigned char 
		 -> s(20), 
  tmpval          4    0        struct .
  val             2   19[BANK0 ] unsigned int 
  cp              2    0        PTR const unsigned char 
  len             2    0        unsigned int 
  c               1   23[BANK0 ] unsigned char 
  prec            1   21[BANK0 ] char 
  ap              1   18[BANK0 ] PTR void [1]
		 -> ?_sprintf(2), 
  flag            1   17[BANK0 ] unsigned char 
 Return value:  Size  Location     Type
                  2   11[BANK0 ] int 
 Registers used:
		wreg, fsr0l, fsr0h, status,2, status,0, btemp+1, pclath, cstack
 Tracked objects:
		On entry : 
		On exit  : 
		Unchanged: 
 Data sizes:     COMMON   BANK0   BANK1   BANK3   BANK2
      Params:         0       3       0       0       0
      Locals:         0       7       0       0       0
      Temps:          0       3       0       0       0
      Totals:         0      13       0       0       0
Total ram usage:       13 bytes
 Hardware stack levels used:    1
 Hardware stack levels required when called:    2
 This function calls:
		___lwdiv
		___lwmod
 This function is called by:
		_mostrar_datos
 This function uses a non-reentrant model


 *************** function ___lwmod *****************
 Defined at:
		line 5 in file "C:\Program Files\Microchip\xc8\v2.31\pic\sources\c90\common\lwmod.c"
 Parameters:    Size  Location     Type
  divisor         2    7[BANK0 ] unsigned int 
  dividend        2    9[BANK0 ] unsigned int 
 Auto vars:     Size  Location     Type
  counter         1    6[COMMON] unsigned char 
 Return value:  Size  Location     Type
                  2    7[BANK0 ] unsigned int 
 Registers used:
		wreg, status,2, status,0
 Tracked objects:
		On entry : 
		On exit  : 
		Unchanged: 
 Data sizes:     COMMON   BANK0   BANK1   BANK3   BANK2
      Params:         0       4       0       0       0
      Locals:         1       0       0       0       0
      Temps:          1       0       0       0       0
      Totals:         2       4       0       0       0
Total ram usage:        6 bytes
 Hardware stack levels used:    1
 Hardware stack levels required when called:    1
 This function calls:
		Nothing
 This function is called by:
		_sprintf
 This function uses a non-reentrant model


 *************** function ___lwdiv *****************
 Defined at:
		line 5 in file "C:\Program Files\Microchip\xc8\v2.31\pic\sources\c90\common\lwdiv.c"
 Parameters:    Size  Location     Type
  divisor         2    0[BANK0 ] unsigned int 
  dividend        2    2[BANK0 ] unsigned int 
 Auto vars:     Size  Location     Type
  quotient        2    5[BANK0 ] unsigned int 
  counter         1    4[BANK0 ] unsigned char 
 Return value:  Size  Location     Type
                  2    0[BANK0 ] unsigned int 
 Registers used:
		wreg, status,2, status,0
 Tracked objects:
		On entry : 
		On exit  : 
		Unchanged: 
 Data sizes:     COMMON   BANK0   BANK1   BANK3   BANK2
      Params:         0       4       0       0       0
      Locals:         0       3       0       0       0
      Temps:          1       0       0       0       0
      Totals:         1       7       0       0       0
Total ram usage:        8 bytes
 Hardware stack levels used:    1
 Hardware stack levels required when called:    1
 This function calls:
		Nothing
 This function is called by:
		_sprintf
 This function uses a non-reentrant model


 *************** function _Lcd_Write_String *****************
 Defined at:
		line 99 in file "./lcd.h"
 Parameters:    Size  Location     Type
  a               2    3[BANK0 ] PTR unsigned char 
		 -> s(20), STR_1(17), 
 Auto vars:     Size  Location     Type
  i               2    8[BANK0 ] int 
 Return value:  Size  Location     Type
                  1    wreg      void 
 Registers used:
		wreg, fsr0l, fsr0h, status,2, status,0, btemp+1, pclath, cstack
 Tracked objects:
		On entry : 
		On exit  : 
		Unchanged: 
 Data sizes:     COMMON   BANK0   BANK1   BANK3   BANK2
      Params:         0       2       0       0       0
      Locals:         0       2       0       0       0
      Temps:          0       3       0       0       0
      Totals:         0       7       0       0       0
Total ram usage:        7 bytes
 Hardware stack levels used:    1
 Hardware stack levels required when called:    3
 This function calls:
		_Lcd_Write_Char
 This function is called by:
		_main
		_mostrar_datos
 This function uses a non-reentrant model


 *************** function _Lcd_Write_Char *****************
 Defined at:
		line 83 in file "./lcd.h"
 Parameters:    Size  Location     Type
  a               1    wreg     unsigned char 
 Auto vars:     Size  Location     Type
  a               1    2[BANK0 ] unsigned char 
  y               1    1[BANK0 ] unsigned char 
  temp            1    0[BANK0 ] unsigned char 
 Return value:  Size  Location     Type
                  1    wreg      void 
 Registers used:
		wreg, status,2, status,0, pclath, cstack
 Tracked objects:
		On entry : 
		On exit  : 
		Unchanged: 
 Data sizes:     COMMON   BANK0   BANK1   BANK3   BANK2
      Params:         0       0       0       0       0
      Locals:         0       3       0       0       0
      Temps:          1       0       0       0       0
      Totals:         1       3       0       0       0
Total ram usage:        4 bytes
 Hardware stack levels used:    1
 Hardware stack levels required when called:    2
 This function calls:
		_Lcd_Port
 This function is called by:
		_Lcd_Write_String
		_mostrar_datos
 This function uses a non-reentrant model


 *************** function _Lcd_Set_Cursor *****************
 Defined at:
		line 41 in file "./lcd.h"
 Parameters:    Size  Location     Type
  a               1    wreg     unsigned char 
  b               1    1[BANK0 ] unsigned char 
 Auto vars:     Size  Location     Type
  a               1    4[BANK0 ] unsigned char 
  temp            1    7[BANK0 ] unsigned char 
  y               1    6[BANK0 ] unsigned char 
  z               1    5[BANK0 ] unsigned char 
 Return value:  Size  Location     Type
                  1    wreg      void 
 Registers used:
		wreg, status,2, status,0, pclath, cstack
 Tracked objects:
		On entry : 
		On exit  : 
		Unchanged: 
 Data sizes:     COMMON   BANK0   BANK1   BANK3   BANK2
      Params:         0       1       0       0       0
      Locals:         0       4       0       0       0
      Temps:          0       2       0       0       0
      Totals:         0       7       0       0       0
Total ram usage:        7 bytes
 Hardware stack levels used:    1
 Hardware stack levels required when called:    3
 This function calls:
		_Lcd_Cmd
 This function is called by:
		_main
		_mostrar_datos
 This function uses a non-reentrant model


 *************** function _leer_datos *****************
 Defined at:
		line 158 in file "main.c"
 Parameters:    Size  Location     Type
		None
 Auto vars:     Size  Location     Type
		None
 Return value:  Size  Location     Type
                  1    wreg      void 
 Registers used:
		wreg, status,2, status,0
 Tracked objects:
		On entry : 
		On exit  : 
		Unchanged: 
 Data sizes:     COMMON   BANK0   BANK1   BANK3   BANK2
      Params:         0       0       0       0       0
      Locals:         0       0       0       0       0
      Temps:          1       0       0       0       0
      Totals:         1       0       0       0       0
Total ram usage:        1 bytes
 Hardware stack levels used:    1
 Hardware stack levels required when called:    1
 This function calls:
		Nothing
 This function is called by:
		_main
 This function uses a non-reentrant model


 *************** function _count_update *****************
 Defined at:
		line 181 in file "main.c"
 Parameters:    Size  Location     Type
		None
 Auto vars:     Size  Location     Type
		None
 Return value:  Size  Location     Type
                  1    wreg      void 
 Registers used:
		wreg, status,2, status,0, pclath, cstack
 Tracked objects:
		On entry : 
		On exit  : 
		Unchanged: 
 Data sizes:     COMMON   BANK0   BANK1   BANK3   BANK2
      Params:         0       0       0       0       0
      Locals:         0       0       0       0       0
      Temps:          1       0       0       0       0
      Totals:         1       0       0       0       0
Total ram usage:        1 bytes
 Hardware stack levels used:    1
 Hardware stack levels required when called:    2
 This function calls:
		_envio_char
 This function is called by:
		_main
 This function uses a non-reentrant model


 *************** function _envio_char *****************
 Defined at:
		line 46 in file "./eusart_lib.h"
 Parameters:    Size  Location     Type
  u               1    wreg     unsigned char 
 Auto vars:     Size  Location     Type
  u               1    4[COMMON] unsigned char 
 Return value:  Size  Location     Type
                  1    wreg      unsigned char 
 Registers used:
		wreg
 Tracked objects:
		On entry : 
		On exit  : 
		Unchanged: 
 Data sizes:     COMMON   BANK0   BANK1   BANK3   BANK2
      Params:         0       0       0       0       0
      Locals:         1       0       0       0       0
      Temps:          0       0       0       0       0
      Totals:         1       0       0       0       0
Total ram usage:        1 bytes
 Hardware stack levels used:    1
 Hardware stack levels required when called:    1
 This function calls:
		Nothing
 This function is called by:
		_mostrar_datos
		_count_update
 This function uses a non-reentrant model


 *************** function _Lcd_Clear *****************
 Defined at:
		line 35 in file "./lcd.h"
 Parameters:    Size  Location     Type
		None
 Auto vars:     Size  Location     Type
		None
 Return value:  Size  Location     Type
                  1    wreg      void 
 Registers used:
		wreg, status,2, status,0, pclath, cstack
 Tracked objects:
		On entry : 
		On exit  : 
		Unchanged: 
 Data sizes:     COMMON   BANK0   BANK1   BANK3   BANK2
      Params:         0       0       0       0       0
      Locals:         0       0       0       0       0
      Temps:          0       0       0       0       0
      Totals:         0       0       0       0       0
Total ram usage:        0 bytes
 Hardware stack levels used:    1
 Hardware stack levels required when called:    3
 This function calls:
		_Lcd_Cmd
 This function is called by:
		_main
 This function uses a non-reentrant model


 *************** function _Lcd_Cmd *****************
 Defined at:
		line 26 in file "./lcd.h"
 Parameters:    Size  Location     Type
  a               1    wreg     unsigned char 
 Auto vars:     Size  Location     Type
  a               1    0[BANK0 ] unsigned char 
 Return value:  Size  Location     Type
                  1    wreg      void 
 Registers used:
		wreg, status,2, status,0, pclath, cstack
 Tracked objects:
		On entry : 
		On exit  : 
		Unchanged: 
 Data sizes:     COMMON   BANK0   BANK1   BANK3   BANK2
      Params:         0       0       0       0       0
      Locals:         0       1       0       0       0
      Temps:          2       0       0       0       0
      Totals:         2       1       0       0       0
Total ram usage:        3 bytes
 Hardware stack levels used:    1
 Hardware stack levels required when called:    2
 This function calls:
		_Lcd_Port
 This function is called by:
		_Lcd_Clear
		_Lcd_Set_Cursor
		_Lcd_Init
		_Lcd_Shift_Right
		_Lcd_Shift_Left
 This function uses a non-reentrant model


 *************** function _Lcd_Port *****************
 Defined at:
		line 4 in file "./lcd.h"
 Parameters:    Size  Location     Type
  a               1    wreg     unsigned char 
 Auto vars:     Size  Location     Type
  a               1    4[COMMON] unsigned char 
 Return value:  Size  Location     Type
                  1    wreg      void 
 Registers used:
		wreg
 Tracked objects:
		On entry : 
		On exit  : 
		Unchanged: 
 Data sizes:     COMMON   BANK0   BANK1   BANK3   BANK2
      Params:         0       0       0       0       0
      Locals:         1       0       0       0       0
      Temps:          0       0       0       0       0
      Totals:         1       0       0       0       0
Total ram usage:        1 bytes
 Hardware stack levels used:    1
 Hardware stack levels required when called:    1
 This function calls:
		Nothing
 This function is called by:
		_Lcd_Cmd
		_Lcd_Init
		_Lcd_Write_Char
 This function uses a non-reentrant model


 *************** function _ISR *****************
 Defined at:
		line 53 in file "main.c"
 Parameters:    Size  Location     Type
		None
 Auto vars:     Size  Location     Type
		None
 Return value:  Size  Location     Type
                  1    wreg      void 
 Registers used:
		wreg, status,2, status,0
 Tracked objects:
		On entry : 
		On exit  : 
		Unchanged: 
 Data sizes:     COMMON   BANK0   BANK1   BANK3   BANK2
      Params:         0       0       0       0       0
      Locals:         0       0       0       0       0
      Temps:          4       0       0       0       0
      Totals:         4       0       0       0       0
Total ram usage:        4 bytes
 Hardware stack levels used:    1
 This function calls:
		Nothing
 This function is called by:
		Interrupt level 1
 This function uses a non-reentrant model



MODULE INFORMATION

Module		Function		Class		Link	Load	Size
C:\Program Files\Microchip\xc8\v2.31\pic\sources\c90\common\doprnt.c
		_sprintf       		CODE           	003C	0000	207

C:\Program Files\Microchip\xc8\v2.31\pic\sources\c90\common\doprnt.c estimated size: 207

C:\Program Files\Microchip\xc8\v2.31\pic\sources\c90\common\lwmod.c
		___lwmod       		CODE           	0386	0000	60

C:\Program Files\Microchip\xc8\v2.31\pic\sources\c90\common\lwmod.c estimated size: 60

./lcd.h
		_Lcd_Write_String		CODE           	02BC	0000	70
		_Lcd_Init      		CODE           	01B6	0000	104
		_Lcd_Write_Char		CODE           	03C2	0000	57
		_Lcd_Cmd       		CODE           	04D6	0000	26
		_Lcd_Set_Cursor		CODE           	021E	0000	88
		_Lcd_Clear     		CODE           	0500	0000	13
		_Lcd_Port      		CODE           	04B4	0000	34

./lcd.h estimated size: 392

./eusart_lib.h
		_baud_rate_config		CODE           	0522	0000	9
		_envio_char    		CODE           	0533	0000	7
		_transmision   		CODE           	053A	0000	5
		_eusart_config 		CODE           	04F0	0000	16
		_recepcion     		CODE           	050D	0000	11

./eusart_lib.h estimated size: 48

./adc_lib.h
		_config_adc    		CODE           	0518	0000	10

./adc_lib.h estimated size: 10

C:\Program Files\Microchip\xc8\v2.31\pic\sources\c90\common\lwdiv.c
		___lwdiv       		CODE           	0276	0000	70

C:\Program Files\Microchip\xc8\v2.31\pic\sources\c90\common\lwdiv.c estimated size: 70

shared
		__stringtab    		STRING         	042E	0000	16
		_dpowers       		STRING         	043E	0000	10
		__initialization		CODE           	000F	0000	41

shared estimated size: 67

main.c
		_leer_datos    		CODE           	0489	0000	43
		_mostrar_datos 		CODE           	010B	0000	171
		_ISR           		CODE           	0302	0000	68
		_count_update  		CODE           	03FB	0000	51
		_main          		CODE           	0346	0000	64
		_setup         		CODE           	045C	0000	45

main.c estimated size: 442

